// Jest Snapshot v1, https://goo.gl/fbAQLP

exports[`App renders correctly 1`] = `
Array [
  <header
    className="header"
  >
    <div
      className="header_wrapper"
    >
      <div
        className="header_logo"
      >
        <a
          href="#/"
          onClick={[Function]}
        >
          travel the world
        </a>
      </div>
      <div
        className="header_menu"
      >
        <nav
          className="header_nav"
        >
          <ul>
            <li>
              <a
                href="#/"
                onClick={[Function]}
              >
                Home
              </a>
            </li>
            <li>
              <a
                href="#/about"
                onClick={[Function]}
              >
                about
              </a>
            </li>
            <li>
              <a
                href="#/login"
                onClick={[Function]}
              >
                login
              </a>
            </li>
            <li>
              <select
                className="lang"
                id="lang"
                name="lang"
              >
                <option
                  value="EN"
                >
                  EN
                </option>
                <option
                  value="RU"
                >
                  RU
                </option>
                <option
                  value="BY"
                >
                  BY
                </option>
              </select>
            </li>
          </ul>
        </nav>
        <div
          className="header_search"
        >
          <img
            alt="search"
            src="test-file-stub"
          />
          <input
            type="search"
          />
        </div>
      </div>
    </div>
  </header>,
  <div
    className="countries-wrapper"
  >
    <a
      href="#/country/1"
      onClick={[Function]}
    >
      <div
        className="country-card"
      >
        <span
          className="title_cart"
        >
          Franse
        </span>
        <span
          className="sub-title_cart"
        >
          Paris
        </span>
        <span
          className="more"
        >
          start your journey...
        </span>
      </div>
    </a>
    <a
      href="#/country/1"
      onClick={[Function]}
    >
      <div
        className="country-card"
      >
        <span
          className="title_cart"
        >
          Franse
        </span>
        <span
          className="sub-title_cart"
        >
          Paris
        </span>
        <span
          className="more"
        >
          start your journey...
        </span>
      </div>
    </a>
    <a
      href="#/country/1"
      onClick={[Function]}
    >
      <div
        className="country-card"
      >
        <span
          className="title_cart"
        >
          Franse
        </span>
        <span
          className="sub-title_cart"
        >
          Paris
        </span>
        <span
          className="more"
        >
          start your journey...
        </span>
      </div>
    </a>
    <a
      href="#/country/1"
      onClick={[Function]}
    >
      <div
        className="country-card"
      >
        <span
          className="title_cart"
        >
          Franse
        </span>
        <span
          className="sub-title_cart"
        >
          Paris
        </span>
        <span
          className="more"
        >
          start your journey...
        </span>
      </div>
    </a>
    <a
      href="#/country/1"
      onClick={[Function]}
    >
      <div
        className="country-card"
      >
        <span
          className="title_cart"
        >
          Franse
        </span>
        <span
          className="sub-title_cart"
        >
          Paris
        </span>
        <span
          className="more"
        >
          start your journey...
        </span>
      </div>
    </a>
    <a
      href="#/country/1"
      onClick={[Function]}
    >
      <div
        className="country-card"
      >
        <span
          className="title_cart"
        >
          Franse
        </span>
        <span
          className="sub-title_cart"
        >
          Paris
        </span>
        <span
          className="more"
        >
          start your journey...
        </span>
      </div>
    </a>
    <a
      href="#/country/1"
      onClick={[Function]}
    >
      <div
        className="country-card"
      >
        <span
          className="title_cart"
        >
          Franse
        </span>
        <span
          className="sub-title_cart"
        >
          Paris
        </span>
        <span
          className="more"
        >
          start your journey...
        </span>
      </div>
    </a>
    <a
      href="#/country/1"
      onClick={[Function]}
    >
      <div
        className="country-card"
      >
        <span
          className="title_cart"
        >
          Franse
        </span>
        <span
          className="sub-title_cart"
        >
          Paris
        </span>
        <span
          className="more"
        >
          start your journey...
        </span>
      </div>
    </a>
    <a
      href="#/country/1"
      onClick={[Function]}
    >
      <div
        className="country-card"
      >
        <span
          className="title_cart"
        >
          Franse
        </span>
        <span
          className="sub-title_cart"
        >
          Paris
        </span>
        <span
          className="more"
        >
          start your journey...
        </span>
      </div>
    </a>
    <a
      href="#/country/1"
      onClick={[Function]}
    >
      <div
        className="country-card"
      >
        <span
          className="title_cart"
        >
          Franse
        </span>
        <span
          className="sub-title_cart"
        >
          Paris
        </span>
        <span
          className="more"
        >
          start your journey...
        </span>
      </div>
    </a>
    <a
      href="#/country/1"
      onClick={[Function]}
    >
      <div
        className="country-card"
      >
        <span
          className="title_cart"
        >
          Franse
        </span>
        <span
          className="sub-title_cart"
        >
          Paris
        </span>
        <span
          className="more"
        >
          start your journey...
        </span>
      </div>
    </a>
    <a
      href="#/country/1"
      onClick={[Function]}
    >
      <div
        className="country-card"
      >
        <span
          className="title_cart"
        >
          Franse
        </span>
        <span
          className="sub-title_cart"
        >
          Paris
        </span>
        <span
          className="more"
        >
          start your journey...
        </span>
      </div>
    </a>
    <a
      href="#/country/1"
      onClick={[Function]}
    >
      <div
        className="country-card"
      >
        <span
          className="title_cart"
        >
          Franse
        </span>
        <span
          className="sub-title_cart"
        >
          Paris
        </span>
        <span
          className="more"
        >
          start your journey...
        </span>
      </div>
    </a>
    <a
      href="#/country/1"
      onClick={[Function]}
    >
      <div
        className="country-card"
      >
        <span
          className="title_cart"
        >
          Franse
        </span>
        <span
          className="sub-title_cart"
        >
          Paris
        </span>
        <span
          className="more"
        >
          start your journey...
        </span>
      </div>
    </a>
  </div>,
]
`;
